[    0.000000] Linux version 4.16.0-thor_kernely+ (root@rabougue) (gcc version 7.3.0 (GCC)) #2 SMP Mon Apr 9 20:05:41 UTC 2018
[    0.000000] Command line: BOOT_IMAGE=/thor_kernel-4.16 root=/dev/sda2 ro
[    0.000000] x86/fpu: Supporting XSAVE feature 0x001: 'x87 floating point registers'
[    0.000000] x86/fpu: Supporting XSAVE feature 0x002: 'SSE registers'
[    0.000000] x86/fpu: Supporting XSAVE feature 0x004: 'AVX registers'
[    0.000000] x86/fpu: xstate_offset[2]:  576, xstate_sizes[2]:  256
[    0.000000] x86/fpu: Enabled xstate features 0x7, context size is 832 bytes, using 'standard' format.
[    0.000000] e820: BIOS-provided physical RAM map:
[    0.000000] BIOS-e820: [mem 0x0000000000000000-0x000000000009fbff] usable
[    0.000000] BIOS-e820: [mem 0x000000000009fc00-0x000000000009ffff] reserved
[    0.000000] BIOS-e820: [mem 0x00000000000f0000-0x00000000000fffff] reserved
[    0.000000] BIOS-e820: [mem 0x0000000000100000-0x00000000dffeffff] usable
[    0.000000] BIOS-e820: [mem 0x00000000dfff0000-0x00000000dfffffff] ACPI data
[    0.000000] BIOS-e820: [mem 0x00000000fec00000-0x00000000fec00fff] reserved
[    0.000000] BIOS-e820: [mem 0x00000000fee00000-0x00000000fee00fff] reserved
[    0.000000] BIOS-e820: [mem 0x00000000fffc0000-0x00000000ffffffff] reserved
[    0.000000] BIOS-e820: [mem 0x0000000100000000-0x000000011fffffff] usable
[    0.000000] NX (Execute Disable) protection: active
[    0.000000] random: fast init done
[    0.000000] SMBIOS 2.5 present.
[    0.000000] DMI: innotek GmbH VirtualBox/VirtualBox, BIOS VirtualBox 12/01/2006
[    0.000000] e820: update [mem 0x00000000-0x00000fff] usable ==> reserved
[    0.000000] e820: remove [mem 0x000a0000-0x000fffff] usable
[    0.000000] e820: last_pfn = 0x120000 max_arch_pfn = 0x400000000
[    0.000000] MTRR default type: uncachable
[    0.000000] MTRR variable ranges disabled:
[    0.000000] MTRR: Disabled
[    0.000000] x86/PAT: MTRRs disabled, skipping PAT initialization too.
[    0.000000] CPU MTRRs all blank - virtualized system.
[    0.000000] x86/PAT: Configuration [0-7]: WB  WT  UC- UC  WB  WT  UC- UC  
[    0.000000] e820: last_pfn = 0xdfff0 max_arch_pfn = 0x400000000
[    0.000000] found SMP MP-table at [mem 0x0009fff0-0x0009ffff] mapped at [        (ptrval)]
[    0.000000] Scanning 1 areas for low memory corruption
[    0.000000] Base memory trampoline at [        (ptrval)] 99000 size 24576
[    0.000000] BRK [0xb7119000, 0xb7119fff] PGTABLE
[    0.000000] BRK [0xb711a000, 0xb711afff] PGTABLE
[    0.000000] BRK [0xb711b000, 0xb711bfff] PGTABLE
[    0.000000] BRK [0xb711c000, 0xb711cfff] PGTABLE
[    0.000000] BRK [0xb711d000, 0xb711dfff] PGTABLE
[    0.000000] ACPI: Early table checksum verification disabled
[    0.000000] ACPI: RSDP 0x00000000000E0000 000024 (v02 VBOX  )
[    0.000000] ACPI: XSDT 0x00000000DFFF0030 00003C (v01 VBOX   VBOXXSDT 00000001 ASL  00000061)
[    0.000000] ACPI: FACP 0x00000000DFFF00F0 0000F4 (v04 VBOX   VBOXFACP 00000001 ASL  00000061)
[    0.000000] ACPI: DSDT 0x00000000DFFF0470 0021FF (v02 VBOX   VBOXBIOS 00000002 INTL 20100528)
[    0.000000] ACPI: FACS 0x00000000DFFF0200 000040
[    0.000000] ACPI: FACS 0x00000000DFFF0200 000040
[    0.000000] ACPI: APIC 0x00000000DFFF0240 00005C (v02 VBOX   VBOXAPIC 00000001 ASL  00000061)
[    0.000000] ACPI: SSDT 0x00000000DFFF02A0 0001CC (v01 VBOX   VBOXCPUT 00000002 INTL 20100528)
[    0.000000] ACPI: Local APIC address 0xfee00000
[    0.000000] No NUMA configuration found
[    0.000000] Faking a node at [mem 0x0000000000000000-0x000000011fffffff]
[    0.000000] NODE_DATA(0) allocated [mem 0x11fff8000-0x11fffbfff]
[    0.000000] tsc: Fast TSC calibration using PIT
[    0.000000] Zone ranges:
[    0.000000]   DMA      [mem 0x0000000000001000-0x0000000000ffffff]
[    0.000000]   DMA32    [mem 0x0000000001000000-0x00000000ffffffff]
[    0.000000]   Normal   [mem 0x0000000100000000-0x000000011fffffff]
[    0.000000] Movable zone start for each node
[    0.000000] Early memory node ranges
[    0.000000]   node   0: [mem 0x0000000000001000-0x000000000009efff]
[    0.000000]   node   0: [mem 0x0000000000100000-0x00000000dffeffff]
[    0.000000]   node   0: [mem 0x0000000100000000-0x000000011fffffff]
[    0.000000] Initmem setup node 0 [mem 0x0000000000001000-0x000000011fffffff]
[    0.000000] On node 0 totalpages: 1048462
[    0.000000]   DMA zone: 64 pages used for memmap
[    0.000000]   DMA zone: 21 pages reserved
[    0.000000]   DMA zone: 3998 pages, LIFO batch:0
[    0.000000]   DMA32 zone: 14272 pages used for memmap
[    0.000000]   DMA32 zone: 913392 pages, LIFO batch:31
[    0.000000]   Normal zone: 2048 pages used for memmap
[    0.000000]   Normal zone: 131072 pages, LIFO batch:31
[    0.000000] Reserved but unavailable: 98 pages
[    0.000000] ACPI: PM-Timer IO Port: 0x4008
[    0.000000] ACPI: Local APIC address 0xfee00000
[    0.000000] IOAPIC[0]: apic_id 2, version 32, address 0xfec00000, GSI 0-23
[    0.000000] ACPI: INT_SRC_OVR (bus 0 bus_irq 0 global_irq 2 dfl dfl)
[    0.000000] ACPI: INT_SRC_OVR (bus 0 bus_irq 9 global_irq 9 low level)
[    0.000000] ACPI: IRQ0 used by override.
[    0.000000] ACPI: IRQ9 used by override.
[    0.000000] Using ACPI (MADT) for SMP configuration information
[    0.000000] smpboot: Allowing 2 CPUs, 0 hotplug CPUs
[    0.000000] PM: Registered nosave memory: [mem 0x00000000-0x00000fff]
[    0.000000] PM: Registered nosave memory: [mem 0x0009f000-0x0009ffff]
[    0.000000] PM: Registered nosave memory: [mem 0x000a0000-0x000effff]
[    0.000000] PM: Registered nosave memory: [mem 0x000f0000-0x000fffff]
[    0.000000] PM: Registered nosave memory: [mem 0xdfff0000-0xdfffffff]
[    0.000000] PM: Registered nosave memory: [mem 0xe0000000-0xfebfffff]
[    0.000000] PM: Registered nosave memory: [mem 0xfec00000-0xfec00fff]
[    0.000000] PM: Registered nosave memory: [mem 0xfec01000-0xfedfffff]
[    0.000000] PM: Registered nosave memory: [mem 0xfee00000-0xfee00fff]
[    0.000000] PM: Registered nosave memory: [mem 0xfee01000-0xfffbffff]
[    0.000000] PM: Registered nosave memory: [mem 0xfffc0000-0xffffffff]
[    0.000000] e820: [mem 0xe0000000-0xfebfffff] available for PCI devices
[    0.000000] clocksource: refined-jiffies: mask: 0xffffffff max_cycles: 0xffffffff, max_idle_ns: 1910969940391419 ns
[    0.000000] setup_percpu: NR_CPUS:64 nr_cpumask_bits:64 nr_cpu_ids:2 nr_node_ids:1
[    0.000000] percpu: Embedded 43 pages/cpu @        (ptrval) s137432 r8192 d30504 u1048576
[    0.000000] pcpu-alloc: s137432 r8192 d30504 u1048576 alloc=1*2097152
[    0.000000] pcpu-alloc: [0] 0 1 
[    0.000000] Built 1 zonelists, mobility grouping on.  Total pages: 1032057
[    0.000000] Policy zone: Normal
[    0.000000] Kernel command line: BOOT_IMAGE=/thor_kernel-4.16 root=/dev/sda2 ro
[    0.000000] Calgary: detecting Calgary via BIOS EBDA area
[    0.000000] Calgary: Unable to locate Rio Grande table in EBDA - bailing!
[    0.000000] Memory: 4036096K/4193848K available (12300K kernel code, 1285K rwdata, 3084K rodata, 1220K init, 612K bss, 157752K reserved, 0K cma-reserved)
[    0.000000] SLUB: HWalign=64, Order=0-3, MinObjects=0, CPUs=2, Nodes=1
[    0.000000] Kernel/User page tables isolation: enabled
[    0.000000] Hierarchical RCU implementation.
[    0.000000] 	RCU event tracing is enabled.
[    0.000000] 	RCU restricting CPUs from NR_CPUS=64 to nr_cpu_ids=2.
[    0.000000] RCU: Adjusting geometry for rcu_fanout_leaf=16, nr_cpu_ids=2
[    0.000000] NR_IRQS: 4352, nr_irqs: 440, preallocated irqs: 16
[    0.000000] Console: colour VGA+ 80x25
[    0.000000] console [tty0] enabled
[    0.000000] ACPI: Core revision 20180313
[    0.000000] APIC: Switch to symmetric I/O mode setup
[    0.001000] ..TIMER: vector=0x30 apic1=0 pin1=2 apic2=-1 pin2=-1
[    0.007000] tsc: Fast TSC calibration using PIT
[    0.009000] tsc: Detected 2904.170 MHz processor
[    0.009000] clocksource: tsc-early: mask: 0xffffffffffffffff max_cycles: 0x29dca6533f7, max_idle_ns: 440795263916 ns
[    0.009000] Calibrating delay loop (skipped), value calculated using timer frequency.. 5808.34 BogoMIPS (lpj=2904170)
[    0.010005] pid_max: default: 32768 minimum: 301
[    0.010335] Security Framework initialized
[    0.010738] SELinux:  Initializing.
[    0.011017] SELinux:  Starting in permissive mode
[    0.013089] Dentry cache hash table entries: 524288 (order: 10, 4194304 bytes)
[    0.014557] Inode-cache hash table entries: 262144 (order: 9, 2097152 bytes)
[    0.014959] Mount-cache hash table entries: 8192 (order: 4, 65536 bytes)
[    0.015010] Mountpoint-cache hash table entries: 8192 (order: 4, 65536 bytes)
[    0.015541] CPU: Physical Processor ID: 0
[    0.016004] CPU: Processor Core ID: 0
[    0.016334] mce: CPU supports 0 MCE banks
[    0.016668] Last level iTLB entries: 4KB 64, 2MB 8, 4MB 8
[    0.017004] Last level dTLB entries: 4KB 64, 2MB 0, 4MB 0, 1GB 4
[    0.017422] Spectre V2 : Mitigation: Full generic retpoline
[    0.018056] Spectre V2 : Spectre v2 mitigation: Filling RSB on context switch
[    0.018603] Freeing SMP alternatives memory: 36K
[    0.020000] APIC calibration not consistent with PM-Timer: 134ms instead of 100ms
[    0.020000] APIC delta adjusted to PM-Timer: 6250738 (8432509)
[    0.020109] smpboot: CPU0: Intel(R) Core(TM) i7-7820HQ CPU @ 2.90GHz (family: 0x6, model: 0x9e, stepping: 0x9)
[    0.020704] Performance Events: unsupported p6 CPU model 158 no PMU driver, software events only.
[    0.021047] Hierarchical SRCU implementation.
[    0.021478] smp: Bringing up secondary CPUs ...
[    0.021886] x86: Booting SMP configuration:
[    0.022004] .... node  #0, CPUs:      #1
[    0.001000] mce: CPU supports 0 MCE banks
[    0.023018] smp: Brought up 1 node, 2 CPUs
[    0.024600] smpboot: Max logical packages: 1
[    0.024903] smpboot: Total of 2 processors activated (11616.68 BogoMIPS)
[    0.025156] devtmpfs: initialized
[    0.026223] clocksource: jiffies: mask: 0xffffffff max_cycles: 0xffffffff, max_idle_ns: 1911260446275000 ns
[    0.027000] kworker/u4:0 (21) used greatest stack depth: 14712 bytes left
[    0.027018] futex hash table entries: 512 (order: 3, 32768 bytes)
[    0.028425] RTC time: 20:26:57, date: 04/09/18
[    0.029062] NET: Registered protocol family 16
[    0.029434] audit: initializing netlink subsys (disabled)
[    0.030048] audit: type=2000 audit(1523305617.029:1): state=initialized audit_enabled=0 res=1
[    0.030144] cpuidle: using governor menu
[    0.030362] ACPI: bus type PCI registered
[    0.031501] PCI: Using configuration type 1 for base access
[    0.035072] kworker/u4:2 (141) used greatest stack depth: 14312 bytes left
[    0.038877] HugeTLB registered 2.00 MiB page size, pre-allocated 0 pages
[    0.040068] ACPI: Added _OSI(Module Device)
[    0.040378] ACPI: Added _OSI(Processor Device)
[    0.040696] ACPI: Added _OSI(3.0 _SCP Extensions)
[    0.041012] ACPI: Added _OSI(Processor Aggregator Device)
[    0.041453] ACPI: Added _OSI(Linux-Dell-Video)
[    0.042940] ACPI: 2 ACPI AML tables successfully acquired and loaded
[    0.044572] ACPI: Interpreter enabled
[    0.044887] ACPI: (supports S0 S5)
[    0.045004] ACPI: Using IOAPIC for interrupt routing
[    0.045456] PCI: Using host bridge windows from ACPI; if necessary, use "pci=nocrs" and report a bug
[    0.046174] ACPI: Enabled 2 GPEs in block 00 to 07
[    0.051147] ACPI: PCI Root Bridge [PCI0] (domain 0000 [bus 00-ff])
[    0.051501] acpi PNP0A03:00: _OSC: OS supports [ASPM ClockPM Segments MSI]
[    0.051975] acpi PNP0A03:00: _OSC: not requesting OS control; OS requires [ExtendedConfig ASPM ClockPM MSI]
[    0.052022] acpi PNP0A03:00: fail to add MMCONFIG information, can't access extended PCI configuration space under this bridge.
[    0.053131] PCI host bridge to bus 0000:00
[    0.053438] pci_bus 0000:00: root bus resource [io  0x0000-0x0cf7 window]
[    0.053745] pci_bus 0000:00: root bus resource [io  0x0d00-0xffff window]
[    0.054018] pci_bus 0000:00: root bus resource [mem 0x000a0000-0x000bffff window]
[    0.054480] pci_bus 0000:00: root bus resource [mem 0xe0000000-0xfdffffff window]
[    0.055005] pci_bus 0000:00: root bus resource [bus 00-ff]
[    0.055379] pci 0000:00:00.0: [8086:1237] type 00 class 0x060000
[    0.056109] pci 0000:00:01.0: [8086:7000] type 00 class 0x060100
[    0.057016] pci 0000:00:01.1: [8086:7111] type 00 class 0x01018a
[    0.057556] pci 0000:00:01.1: reg 0x20: [io  0xd000-0xd00f]
[    0.057846] pci 0000:00:01.1: legacy IDE quirk: reg 0x10: [io  0x01f0-0x01f7]
[    0.058006] pci 0000:00:01.1: legacy IDE quirk: reg 0x14: [io  0x03f6]
[    0.058354] pci 0000:00:01.1: legacy IDE quirk: reg 0x18: [io  0x0170-0x0177]
[    0.058601] pci 0000:00:01.1: legacy IDE quirk: reg 0x1c: [io  0x0376]
[    0.059277] pci 0000:00:02.0: [80ee:beef] type 00 class 0x030000
[    0.063356] pci 0000:00:02.0: reg 0x10: [mem 0xe0000000-0xe7ffffff pref]
[    0.104460] pci 0000:00:03.0: [8086:100e] type 00 class 0x020000
[    0.106123] pci 0000:00:03.0: reg 0x10: [mem 0xf0000000-0xf001ffff]
[    0.110065] pci 0000:00:03.0: reg 0x18: [io  0xd010-0xd017]
[    0.116099] pci 0000:00:04.0: [80ee:cafe] type 00 class 0x088000
[    0.118072] pci 0000:00:04.0: reg 0x10: [io  0xd020-0xd03f]
[    0.119195] pci 0000:00:04.0: reg 0x14: [mem 0xf0400000-0xf07fffff]
[    0.120336] pci 0000:00:04.0: reg 0x18: [mem 0xf0800000-0xf0803fff pref]
[    0.129016] pci 0000:00:05.0: [8086:2415] type 00 class 0x040100
[    0.129145] pci 0000:00:05.0: reg 0x10: [io  0xd100-0xd1ff]
[    0.129233] pci 0000:00:05.0: reg 0x14: [io  0xd200-0xd23f]
[    0.130064] pci 0000:00:06.0: [106b:003f] type 00 class 0x0c0310
[    0.132057] pci 0000:00:06.0: reg 0x10: [mem 0xf0804000-0xf0804fff]
[    0.142487] pci 0000:00:07.0: [8086:7113] type 00 class 0x068000
[    0.142936] pci 0000:00:07.0: quirk: [io  0x4000-0x403f] claimed by PIIX4 ACPI
[    0.144017] pci 0000:00:07.0: quirk: [io  0x4100-0x410f] claimed by PIIX4 SMB
[    0.144252] pci 0000:00:0d.0: [8086:2829] type 00 class 0x010601
[    0.146142] pci 0000:00:0d.0: reg 0x10: [io  0xd240-0xd247]
[    0.148023] pci 0000:00:0d.0: reg 0x14: [io  0xd248-0xd24b]
[    0.149225] pci 0000:00:0d.0: reg 0x18: [io  0xd250-0xd257]
[    0.151242] pci 0000:00:0d.0: reg 0x1c: [io  0xd258-0xd25b]
[    0.153114] pci 0000:00:0d.0: reg 0x20: [io  0xd260-0xd26f]
[    0.155185] pci 0000:00:0d.0: reg 0x24: [mem 0xf0806000-0xf0807fff]
[    0.158006] ACPI: PCI Interrupt Link [LNKA] (IRQs 5 9 10 *11)
[    0.158188] ACPI: PCI Interrupt Link [LNKB] (IRQs 5 9 *10 11)
[    0.158488] ACPI: PCI Interrupt Link [LNKC] (IRQs 5 *9 10 11)
[    0.159099] ACPI: PCI Interrupt Link [LNKD] (IRQs 5 9 10 *11)
[    0.160273] pci 0000:00:02.0: vgaarb: setting as boot VGA device
[    0.160632] pci 0000:00:02.0: vgaarb: VGA device added: decodes=io+mem,owns=io+mem,locks=none
[    0.161015] pci 0000:00:02.0: vgaarb: bridge control possible
[    0.161364] vgaarb: loaded
[    0.162015] SCSI subsystem initialized
[    0.183076] libata version 3.00 loaded.
[    0.184002] ACPI: bus type USB registered
[    0.184079] usbcore: registered new interface driver usbfs
[    0.184079] usbcore: registered new interface driver hub
[    0.185005] usbcore: registered new device driver usb
[    0.185045] pps_core: LinuxPPS API ver. 1 registered
[    0.185045] pps_core: Software ver. 5.3.6 - Copyright 2005-2007 Rodolfo Giometti <giometti@linux.it>
[    0.186009] PTP clock support registered
[    0.186154] EDAC MC: Ver: 3.0.0
[    0.187114] Advanced Linux Sound Architecture Driver Initialized.
[    0.187114] PCI: Using ACPI for IRQ routing
[    0.187552] PCI: pci_cache_line_size set to 64 bytes
[    0.187797] e820: reserve RAM buffer [mem 0x0009fc00-0x0009ffff]
[    0.187803] e820: reserve RAM buffer [mem 0xdfff0000-0xdfffffff]
[    0.188155] NetLabel: Initializing
[    0.189005] NetLabel:  domain hash size = 128
[    0.189005] NetLabel:  protocols = UNLABELED CIPSOv4 CALIPSO
[    0.189035] NetLabel:  unlabeled traffic allowed by default
[    0.190087] clocksource: Switched to clocksource tsc-early
[    0.198448] VFS: Disk quotas dquot_6.6.0
[    0.198821] VFS: Dquot-cache hash table entries: 512 (order 0, 4096 bytes)
[    0.199241] pnp: PnP ACPI init
[    0.199649] pnp 00:00: Plug and Play ACPI device, IDs PNP0303 (active)
[    0.199749] pnp 00:01: Plug and Play ACPI device, IDs PNP0f03 (active)
[    0.200512] pnp: PnP ACPI: found 2 devices
[    0.249679] clocksource: acpi_pm: mask: 0xffffff max_cycles: 0xffffff, max_idle_ns: 2085701024 ns
[    0.250173] pci_bus 0000:00: resource 4 [io  0x0000-0x0cf7 window]
[    0.250176] pci_bus 0000:00: resource 5 [io  0x0d00-0xffff window]
[    0.250189] pci_bus 0000:00: resource 6 [mem 0x000a0000-0x000bffff window]
[    0.250191] pci_bus 0000:00: resource 7 [mem 0xe0000000-0xfdffffff window]
[    0.250229] NET: Registered protocol family 2
[    0.250531] tcp_listen_portaddr_hash hash table entries: 2048 (order: 3, 32768 bytes)
[    0.251470] TCP established hash table entries: 32768 (order: 6, 262144 bytes)
[    0.251925] TCP bind hash table entries: 32768 (order: 7, 524288 bytes)
[    0.252412] TCP: Hash tables configured (established 32768 bind 32768)
[    0.252858] UDP hash table entries: 2048 (order: 4, 65536 bytes)
[    0.253209] UDP-Lite hash table entries: 2048 (order: 4, 65536 bytes)
[    0.253436] NET: Registered protocol family 1
[    0.254173] RPC: Registered named UNIX socket transport module.
[    0.254415] RPC: Registered udp transport module.
[    0.254721] RPC: Registered tcp transport module.
[    0.255589] RPC: Registered tcp NFSv4.1 backchannel transport module.
[    0.256050] pci 0000:00:00.0: Limiting direct PCI/PCI transfers
[    0.256455] pci 0000:00:01.0: Activating ISA DMA hang workarounds
[    0.256864] pci 0000:00:02.0: Video device with shadowed ROM at [mem 0x000c0000-0x000dffff]
[    0.258272] PCI: CLS 0 bytes, default 64
[    0.258304] PCI-DMA: Using software bounce buffering for IO (SWIOTLB)
[    0.258672] software IO TLB [mem 0xdbff0000-0xdfff0000] (64MB) mapped at [000000003641c6f1-00000000834529f9]
[    0.259436] RAPL PMU: API unit is 2^-32 Joules, 5 fixed counters, 10737418240 ms ovfl timer
[    0.259852] RAPL PMU: hw unit of domain pp0-core 2^-0 Joules
[    0.260187] RAPL PMU: hw unit of domain package 2^-0 Joules
[    0.260791] RAPL PMU: hw unit of domain dram 2^-0 Joules
[    0.261116] RAPL PMU: hw unit of domain pp1-gpu 2^-0 Joules
[    0.303352] RAPL PMU: hw unit of domain psys 2^-0 Joules
[    0.303793] platform rtc_cmos: registered platform RTC device (no PNP device found)
[    0.305070] Scanning for low memory corruption every 60 seconds
[    0.305796] Initialise system trusted keyrings
[    0.306242] workingset: timestamp_bits=56 max_order=20 bucket_order=0
[    0.308950] NFS: Registering the id_resolver key type
[    0.309425] Key type id_resolver registered
[    0.309792] Key type id_legacy registered
[    0.310196] SELinux:  Registering netfilter hooks
[    0.315925] Key type asymmetric registered
[    0.316233] Asymmetric key parser 'x509' registered
[    0.316789] Block layer SCSI generic (bsg) driver version 0.4 loaded (major 250)
[    0.317223] io scheduler noop registered
[    0.317420] io scheduler deadline registered
[    0.317771] io scheduler cfq registered (default)
[    0.318089] io scheduler mq-deadline registered
[    0.318408] io scheduler kyber registered
[    0.319154] ACPI: AC Adapter [AC] (off-line)
[    0.319464] input: Power Button as /devices/LNXSYSTM:00/LNXPWRBN:00/input/input0
[    0.319824] ACPI: Power Button [PWRF]
[    0.320183] input: Sleep Button as /devices/LNXSYSTM:00/LNXSLPBN:00/input/input1
[    0.320418] ACPI: Sleep Button [SLPF]
[    0.320797] ACPI: Video Device [GFX0] (multi-head: yes  rom: no  post: no)
[    0.321206] input: Video Bus as /devices/LNXSYSTM:00/LNXSYBUS:00/PNP0A03:00/LNXVIDEO:00/input/input2
[    0.363753] Serial: 8250/16550 driver, 4 ports, IRQ sharing enabled
[    0.364653] Non-volatile memory driver v1.3
[    0.364908] ACPI: Battery Slot [BAT0] (battery present)
[    0.364999] Linux agpgart interface v0.103
[    0.367213] loop: module loaded
[    0.367468] ahci 0000:00:0d.0: version 3.0
[    0.367965] ahci 0000:00:0d.0: SSS flag set, parallel bus scan disabled
[    0.368521] ahci 0000:00:0d.0: AHCI 0001.0100 32 slots 1 ports 3 Gbps 0x1 impl SATA mode
[    0.369394] ahci 0000:00:0d.0: flags: 64bit ncq stag only ccc 
[    0.370229] scsi host0: ahci
[    0.370478] ata1: SATA max UDMA/133 abar m8192@0xf0806000 port 0xf0806100 irq 21
[    0.370843] ata_piix 0000:00:01.1: version 2.13
[    0.371592] scsi host1: ata_piix
[    0.372213] scsi host2: ata_piix
[    0.372647] ata2: PATA max UDMA/33 cmd 0x1f0 ctl 0x3f6 bmdma 0xd000 irq 14
[    0.373032] ata3: PATA max UDMA/33 cmd 0x170 ctl 0x376 bmdma 0xd008 irq 15
[    0.373467] e100: Intel(R) PRO/100 Network Driver, 3.5.24-k2-NAPI
[    0.373852] e100: Copyright(c) 1999-2006 Intel Corporation
[    0.374188] e1000: Intel(R) PRO/1000 Network Driver - version 7.3.21-k8-NAPI
[    0.374781] e1000: Copyright (c) 1999-2006 Intel Corporation.
[    0.564018] ata3.00: ATAPI: VBOX CD-ROM, 1.0, max UDMA/133
[    0.564779] ata3.00: configured for UDMA/33
[    0.747885] ata1: SATA link up 3.0 Gbps (SStatus 123 SControl 300)
[    0.748390] ata1.00: ATA-6: VBOX HARDDISK, 1.0, max UDMA/133
[    0.748796] ata1.00: 41943040 sectors, multi 128: LBA48 NCQ (depth 31/32)
[    0.749382] ata1.00: configured for UDMA/133
[    0.749871] scsi 0:0:0:0: Direct-Access     ATA      VBOX HARDDISK    1.0  PQ: 0 ANSI: 5
[    0.751044] sd 0:0:0:0: [sda] 41943040 512-byte logical blocks: (21.5 GB/20.0 GiB)
[    0.751543] sd 0:0:0:0: [sda] Write Protect is off
[    0.752002] sd 0:0:0:0: [sda] Mode Sense: 00 3a 00 00
[    0.752030] sd 0:0:0:0: [sda] Write cache: enabled, read cache: enabled, doesn't support DPO or FUA
[    0.752729] sd 0:0:0:0: Attached scsi generic sg0 type 0
[    0.753538] scsi 2:0:0:0: CD-ROM            VBOX     CD-ROM           1.0  PQ: 0 ANSI: 5
[    0.759298]  sda: sda1 sda2 sda3
[    0.759936] sd 0:0:0:0: [sda] Attached SCSI disk
[    0.851416] sr 2:0:0:0: [sr0] scsi3-mmc drive: 32x/32x xa/form2 tray
[    0.851924] cdrom: Uniform CD-ROM driver Revision: 3.20
[    0.852447] sr 2:0:0:0: Attached scsi CD-ROM sr0
[    0.852667] sr 2:0:0:0: Attached scsi generic sg1 type 5
[    0.919247] e1000 0000:00:03.0 eth0: (PCI:33MHz:32-bit) 08:00:27:cb:cb:a3
[    0.919707] e1000 0000:00:03.0 eth0: Intel(R) PRO/1000 Network Connection
[    0.920109] e1000e: Intel(R) PRO/1000 Network Driver - 3.2.6-k
[    0.920438] e1000e: Copyright(c) 1999 - 2015 Intel Corporation.
[    0.920791] sky2: driver version 1.30
[    0.921304] ehci_hcd: USB 2.0 'Enhanced' Host Controller (EHCI) Driver
[    0.921675] ehci-pci: EHCI PCI platform driver
[    0.922013] ohci_hcd: USB 1.1 'Open' Host Controller (OHCI) Driver
[    0.922181] ohci-pci: OHCI PCI platform driver
[    0.923405] ohci-pci 0000:00:06.0: OHCI PCI host controller
[    0.923942] ohci-pci 0000:00:06.0: new USB bus registered, assigned bus number 1
[    0.968885] ohci-pci 0000:00:06.0: irq 22, io mem 0xf0804000
[    1.055742] usb usb1: New USB device found, idVendor=1d6b, idProduct=0001, bcdDevice= 4.16
[    1.056208] usb usb1: New USB device strings: Mfr=3, Product=2, SerialNumber=1
[    1.056452] usb usb1: Product: OHCI PCI host controller
[    1.056788] usb usb1: Manufacturer: Linux 4.16.0-thor_kernely+ ohci_hcd
[    1.057141] usb usb1: SerialNumber: 0000:00:06.0
[    1.057668] hub 1-0:1.0: USB hub found
[    1.057998] hub 1-0:1.0: 12 ports detected
[    1.058648] uhci_hcd: USB Universal Host Controller Interface driver
[    1.059436] usbcore: registered new interface driver usblp
[    1.059804] usbcore: registered new interface driver usb-storage
[    1.060174] i8042: PNP: PS/2 Controller [PNP0303:PS2K,PNP0f03:PS2M] at 0x60,0x64 irq 1,12
[    1.060955] serio: i8042 KBD port at 0x60,0x64 irq 1
[    1.061281] serio: i8042 AUX port at 0x60,0x64 irq 12
[    1.062573] input: AT Translated Set 2 keyboard as /devices/platform/i8042/serio0/input/input3
[    1.063469] rtc_cmos rtc_cmos: rtc core: registered rtc_cmos as rtc0
[    1.063941] rtc_cmos rtc_cmos: alarms up to one day, 114 bytes nvram
[    1.064690] device-mapper: ioctl: 4.39.0-ioctl (2018-04-03) initialised: dm-devel@redhat.com
[    1.065440] hidraw: raw HID events driver (C) Jiri Kosina
[    1.065969] usbcore: registered new interface driver usbhid
[    1.066361] usbhid: USB HID core driver
[    1.067835] Initializing XFRM netlink socket
[    1.068232] NET: Registered protocol family 10
[    1.069257] Segment Routing with IPv6
[    1.069723] sit: IPv6, IPv4 and MPLS over IPv4 tunneling driver
[    1.070158] NET: Registered protocol family 17
[    1.070470] Key type dns_resolver registered
[    1.071190] sched_clock: Marking stable (1070444371, 0)->(1326905670, -256461299)
[    1.114922] registered taskstats version 1
[    1.115236] Loading compiled-in X.509 certificates
[    1.115697]   Magic number: 14:160:447
[    1.116067] console [netcon0] enabled
[    1.116383] netconsole: network logging started
[    1.116922] cfg80211: Loading compiled-in X.509 certificates for regulatory database
[    1.118183] cfg80211: Loaded X.509 cert 'sforshee: 00b28ddf47aef9cea7'
[    1.118892] ALSA device list:
[    1.119254]   No soundcards found.
[    1.119634] platform regulatory.0: Direct firmware load for regulatory.db failed with error -2
[    1.120145] cfg80211: failed to load regulatory.db
[    1.359302] input: ImExPS/2 Generic Explorer Mouse as /devices/platform/i8042/serio1/input/input5
[    1.360058] md: Waiting for all devices to be available before autodetect
[    1.360501] md: If you don't use raid, use raid=noautodetect
[    1.361120] md: Autodetecting RAID arrays.
[    1.361713] md: autorun ...
[    1.362097] md: ... autorun DONE.
[    1.367509] EXT4-fs (sda2): mounted filesystem with ordered data mode. Opts: (null)
[    1.367989] VFS: Mounted root (ext4 filesystem) readonly on device 8:2.
[    1.371309] devtmpfs: mounted
[    1.372379] Freeing unused kernel memory: 1220K
[    1.372775] Write protecting the kernel read-only data: 18432k
[    1.417182] tsc: Refined TSC clocksource calibration: 2904.002 MHz
[    1.417784] clocksource: tsc: mask: 0xffffffffffffffff max_cycles: 0x29dc079b5d9, max_idle_ns: 440795223751 ns
[    1.418450] clocksource: Switched to clocksource tsc
[    1.418972] Freeing unused kernel memory: 2004K
[    1.420466] Freeing unused kernel memory: 1012K
[    1.532059] usb 1-1: new full-speed USB device number 2 using ohci-pci
[    1.594142] systemd[1]: RTC configured in localtime, applying delta of 0 minutes to system time.
[    1.654906] systemd[1]: systemd 237 running in system mode. (-PAM -AUDIT -SELINUX +IMA -APPARMOR +SMACK +SYSVINIT +UTMP -LIBCRYPTSETUP -GCRYPT -GNUTLS +ACL +XZ -LZ4 -SECCOMP +BLKID -ELFUTILS +KMOD -IDN2 -IDN -PCRE2 default-hierarchy=hybrid)
[    1.656453] systemd[1]: Detected virtualization oracle.
[    1.656789] systemd[1]: Detected architecture x86-64.
[    1.661091] systemd[1]: Set hostname to <rabougue>.
[    1.730358] systemd-rc-loca (1034) used greatest stack depth: 14176 bytes left
[    1.731047] systemd-sysv-ge (1036) used greatest stack depth: 14064 bytes left
[    1.733452] systemd-fstab-g (1030) used greatest stack depth: 14048 bytes left
[    1.743331] systemd-gpt-aut (1032) used greatest stack depth: 13544 bytes left
[    1.800212] systemd[1]: File /lib/systemd/system/systemd-journald.service:35 configures an IP firewall (IPAddressDeny=any), but the local system does not support BPF/cgroup based firewalling.
[    1.800963] systemd[1]: Proceeding WITHOUT firewalling in effect! (This warning is only shown for the first loaded unit using IP firewalling.)
[    1.888652] usb 1-1: New USB device found, idVendor=80ee, idProduct=0021, bcdDevice= 1.00
[    1.889108] usb 1-1: New USB device strings: Mfr=1, Product=3, SerialNumber=0
[    1.889476] usb 1-1: Product: USB Tablet
[    1.889791] usb 1-1: Manufacturer: VirtualBox
[    1.945452] input: VirtualBox USB Tablet as /devices/pci0000:00/0000:00:06.0/usb1/1-1/1-1:1.0/0003:80EE:0021.0001/input/input6
[    1.946201] hid-generic 0003:80EE:0021.0001: input,hidraw0: USB HID v1.10 Mouse [VirtualBox USB Tablet] on usb-0000:00:06.0-1/input0
[    1.994877] systemd[1]: Set up automount Arbitrary Executable File Formats File System Automount Point.
[    1.996805] systemd[1]: Created slice System Slice.
[    1.998399] systemd[1]: Listening on Network Service Netlink Socket.
[    2.000460] systemd[1]: Listening on udev Control Socket.
[    2.121713] random: crng init done
[    2.397349] EXT4-fs (sda2): re-mounted. Opts: (null)
[    2.468576] systemd-journald[1050]: Received request to flush runtime journal from PID 1
[    2.793567] e1000 0000:00:03.0 enp0s3: renamed from eth0
[    2.853107] IPv6: ADDRCONF(NETDEV_UP): enp0s3: link is not ready
[    3.085385] Adding 4090876k swap on /dev/sda3.  Priority:1 extents:1 across:4090876k 
[    3.196445] EXT4-fs (sda1): mounted filesystem with ordered data mode. Opts: (null)
[    4.897556] e1000: enp0s3 NIC Link is Up 1000 Mbps Full Duplex, Flow Control: RX
[    4.898391] IPv6: ADDRCONF(NETDEV_CHANGE): enp0s3: link becomes ready
[   14.140699] git (1690) used greatest stack depth: 13384 bytes left
