[    0.000000] Linux version 4.17.0-rc1-next-20180416-dirty (root@rabougue) (gcc version 7.3.0 (GCC)) #2 SMP Mon Apr 16 21:02:31 UTC 2018
[    0.000000] Command line: BOOT_IMAGE=/kernel_latest root=/dev/sda2 ro
[    0.000000] x86/fpu: Supporting XSAVE feature 0x001: 'x87 floating point registers'
[    0.000000] x86/fpu: Supporting XSAVE feature 0x002: 'SSE registers'
[    0.000000] x86/fpu: Supporting XSAVE feature 0x004: 'AVX registers'
[    0.000000] x86/fpu: xstate_offset[2]:  576, xstate_sizes[2]:  256
[    0.000000] x86/fpu: Enabled xstate features 0x7, context size is 832 bytes, using 'standard' format.
[    0.000000] e820: BIOS-provided physical RAM map:
[    0.000000] BIOS-e820: [mem 0x0000000000000000-0x000000000009fbff] usable
[    0.000000] BIOS-e820: [mem 0x000000000009fc00-0x000000000009ffff] reserved
[    0.000000] BIOS-e820: [mem 0x00000000000f0000-0x00000000000fffff] reserved
[    0.000000] BIOS-e820: [mem 0x0000000000100000-0x00000000dffeffff] usable
[    0.000000] BIOS-e820: [mem 0x00000000dfff0000-0x00000000dfffffff] ACPI data
[    0.000000] BIOS-e820: [mem 0x00000000fec00000-0x00000000fec00fff] reserved
[    0.000000] BIOS-e820: [mem 0x00000000fee00000-0x00000000fee00fff] reserved
[    0.000000] BIOS-e820: [mem 0x00000000fffc0000-0x00000000ffffffff] reserved
[    0.000000] BIOS-e820: [mem 0x0000000100000000-0x000000011fffffff] usable
[    0.000000] NX (Execute Disable) protection: active
[    0.000000] random: fast init done
[    0.000000] SMBIOS 2.5 present.
[    0.000000] DMI: innotek GmbH VirtualBox/VirtualBox, BIOS VirtualBox 12/01/2006
[    0.000000] e820: update [mem 0x00000000-0x00000fff] usable ==> reserved
[    0.000000] e820: remove [mem 0x000a0000-0x000fffff] usable
[    0.000000] e820: last_pfn = 0x120000 max_arch_pfn = 0x400000000
[    0.000000] MTRR default type: uncachable
[    0.000000] MTRR variable ranges disabled:
[    0.000000] MTRR: Disabled
[    0.000000] x86/PAT: MTRRs disabled, skipping PAT initialization too.
[    0.000000] CPU MTRRs all blank - virtualized system.
[    0.000000] x86/PAT: Configuration [0-7]: WB  WT  UC- UC  WB  WT  UC- UC  
[    0.000000] e820: last_pfn = 0xdfff0 max_arch_pfn = 0x400000000
[    0.000000] found SMP MP-table at [mem 0x0009fff0-0x0009ffff] mapped at [(____ptrval____)]
[    0.000000] Scanning 1 areas for low memory corruption
[    0.000000] Base memory trampoline at [(____ptrval____)] 99000 size 24576
[    0.000000] BRK [0x3e126000, 0x3e126fff] PGTABLE
[    0.000000] BRK [0x3e127000, 0x3e127fff] PGTABLE
[    0.000000] BRK [0x3e128000, 0x3e128fff] PGTABLE
[    0.000000] BRK [0x3e129000, 0x3e129fff] PGTABLE
[    0.000000] BRK [0x3e12a000, 0x3e12afff] PGTABLE
[    0.000000] ACPI: Early table checksum verification disabled
[    0.000000] ACPI: RSDP 0x00000000000E0000 000024 (v02 VBOX  )
[    0.000000] ACPI: XSDT 0x00000000DFFF0030 00003C (v01 VBOX   VBOXXSDT 00000001 ASL  00000061)
[    0.000000] ACPI: FACP 0x00000000DFFF00F0 0000F4 (v04 VBOX   VBOXFACP 00000001 ASL  00000061)
[    0.000000] ACPI: DSDT 0x00000000DFFF0470 0021FF (v02 VBOX   VBOXBIOS 00000002 INTL 20100528)
[    0.000000] ACPI: FACS 0x00000000DFFF0200 000040
[    0.000000] ACPI: FACS 0x00000000DFFF0200 000040
[    0.000000] ACPI: APIC 0x00000000DFFF0240 00005C (v02 VBOX   VBOXAPIC 00000001 ASL  00000061)
[    0.000000] ACPI: SSDT 0x00000000DFFF02A0 0001CC (v01 VBOX   VBOXCPUT 00000002 INTL 20100528)
[    0.000000] ACPI: Local APIC address 0xfee00000
[    0.000000] No NUMA configuration found
[    0.000000] Faking a node at [mem 0x0000000000000000-0x000000011fffffff]
[    0.000000] NODE_DATA(0) allocated [mem 0x11fff8000-0x11fffbfff]
[    0.000000] tsc: Unable to calibrate against PIT
[    0.000000] tsc: No reference (HPET/PMTIMER) available
[    0.000000] Zone ranges:
[    0.000000]   DMA      [mem 0x0000000000001000-0x0000000000ffffff]
[    0.000000]   DMA32    [mem 0x0000000001000000-0x00000000ffffffff]
[    0.000000]   Normal   [mem 0x0000000100000000-0x000000011fffffff]
[    0.000000] Movable zone start for each node
[    0.000000] Early memory node ranges
[    0.000000]   node   0: [mem 0x0000000000001000-0x000000000009efff]
[    0.000000]   node   0: [mem 0x0000000000100000-0x00000000dffeffff]
[    0.000000]   node   0: [mem 0x0000000100000000-0x000000011fffffff]
[    0.000000] Initmem setup node 0 [mem 0x0000000000001000-0x000000011fffffff]
[    0.000000] On node 0 totalpages: 1048462
[    0.000000]   DMA zone: 64 pages used for memmap
[    0.000000]   DMA zone: 21 pages reserved
[    0.000000]   DMA zone: 3998 pages, LIFO batch:0
[    0.000000]   DMA32 zone: 14272 pages used for memmap
[    0.000000]   DMA32 zone: 913392 pages, LIFO batch:31
[    0.000000]   Normal zone: 2048 pages used for memmap
[    0.000000]   Normal zone: 131072 pages, LIFO batch:31
[    0.000000] Reserved but unavailable: 98 pages
[    0.000000] ACPI: PM-Timer IO Port: 0x4008
[    0.000000] ACPI: Local APIC address 0xfee00000
[    0.000000] IOAPIC[0]: apic_id 2, version 32, address 0xfec00000, GSI 0-23
[    0.000000] ACPI: INT_SRC_OVR (bus 0 bus_irq 0 global_irq 2 dfl dfl)
[    0.000000] ACPI: INT_SRC_OVR (bus 0 bus_irq 9 global_irq 9 low level)
[    0.000000] ACPI: IRQ0 used by override.
[    0.000000] ACPI: IRQ9 used by override.
[    0.000000] Using ACPI (MADT) for SMP configuration information
[    0.000000] smpboot: Allowing 2 CPUs, 0 hotplug CPUs
[    0.000000] PM: Registered nosave memory: [mem 0x00000000-0x00000fff]
[    0.000000] PM: Registered nosave memory: [mem 0x0009f000-0x0009ffff]
[    0.000000] PM: Registered nosave memory: [mem 0x000a0000-0x000effff]
[    0.000000] PM: Registered nosave memory: [mem 0x000f0000-0x000fffff]
[    0.000000] PM: Registered nosave memory: [mem 0xdfff0000-0xdfffffff]
[    0.000000] PM: Registered nosave memory: [mem 0xe0000000-0xfebfffff]
[    0.000000] PM: Registered nosave memory: [mem 0xfec00000-0xfec00fff]
[    0.000000] PM: Registered nosave memory: [mem 0xfec01000-0xfedfffff]
[    0.000000] PM: Registered nosave memory: [mem 0xfee00000-0xfee00fff]
[    0.000000] PM: Registered nosave memory: [mem 0xfee01000-0xfffbffff]
[    0.000000] PM: Registered nosave memory: [mem 0xfffc0000-0xffffffff]
[    0.000000] e820: [mem 0xe0000000-0xfebfffff] available for PCI devices
[    0.000000] clocksource: refined-jiffies: mask: 0xffffffff max_cycles: 0xffffffff, max_idle_ns: 1910969940391419 ns
[    0.000000] setup_percpu: NR_CPUS:64 nr_cpumask_bits:64 nr_cpu_ids:2 nr_node_ids:1
[    0.000000] percpu: Embedded 43 pages/cpu @(____ptrval____) s137432 r8192 d30504 u1048576
[    0.000000] pcpu-alloc: s137432 r8192 d30504 u1048576 alloc=1*2097152
[    0.000000] pcpu-alloc: [0] 0 1 
[    0.000000] Built 1 zonelists, mobility grouping on.  Total pages: 1032057
[    0.000000] Policy zone: Normal
[    0.000000] Kernel command line: BOOT_IMAGE=/kernel_latest root=/dev/sda2 ro
[    0.000000] Calgary: detecting Calgary via BIOS EBDA area
[    0.000000] Calgary: Unable to locate Rio Grande table in EBDA - bailing!
[    0.000000] Memory: 4036044K/4193848K available (12300K kernel code, 1291K rwdata, 3096K rodata, 1232K init, 612K bss, 157804K reserved, 0K cma-reserved)
[    0.000000] SLUB: HWalign=64, Order=0-3, MinObjects=0, CPUs=2, Nodes=1
[    0.000000] Kernel/User page tables isolation: enabled
[    0.000000] Hierarchical RCU implementation.
[    0.000000] 	RCU event tracing is enabled.
[    0.000000] 	RCU restricting CPUs from NR_CPUS=64 to nr_cpu_ids=2.
[    0.000000] RCU: Adjusting geometry for rcu_fanout_leaf=16, nr_cpu_ids=2
[    0.000000] NR_IRQS: 4352, nr_irqs: 440, preallocated irqs: 16
[    0.000000] Console: colour VGA+ 80x25
[    0.000000] console [tty0] enabled
[    0.000000] ACPI: Core revision 20180313
[    0.000000] APIC: Switch to symmetric I/O mode setup
[    0.001000] ..TIMER: vector=0x30 apic1=0 pin1=2 apic2=-1 pin2=-1
[    0.007000] tsc: Fast TSC calibration failed
[    0.023000] tsc: Unable to calibrate against PIT
[    0.055000] tsc: using PMTIMER reference calibration
[    0.056000] tsc: Detected 2903.761 MHz processor
[    0.056000] clocksource: tsc-early: mask: 0xffffffffffffffff max_cycles: 0x29db240afbc, max_idle_ns: 440795347311 ns
[    0.057008] Calibrating delay loop (skipped), value calculated using timer frequency.. 5807.52 BogoMIPS (lpj=2903761)
[    0.058010] pid_max: default: 32768 minimum: 301
[    0.058509] Security Framework initialized
[    0.059008] SELinux:  Initializing.
[    0.059454] SELinux:  Starting in permissive mode
[    0.060502] Dentry cache hash table entries: 524288 (order: 10, 4194304 bytes)
[    0.061712] Inode-cache hash table entries: 262144 (order: 9, 2097152 bytes)
[    0.062615] Mount-cache hash table entries: 8192 (order: 4, 65536 bytes)
[    0.063015] Mountpoint-cache hash table entries: 8192 (order: 4, 65536 bytes)
[    0.063780] CPU: Physical Processor ID: 0
[    0.064005] CPU: Processor Core ID: 0
[    0.064514] mce: CPU supports 0 MCE banks
[    0.065103] Last level iTLB entries: 4KB 64, 2MB 8, 4MB 8
[    0.066650] Last level dTLB entries: 4KB 64, 2MB 0, 4MB 0, 1GB 4
[    0.067008] Spectre V2 : Mitigation: Full generic retpoline
[    0.067475] Spectre V2 : Spectre v2 mitigation: Filling RSB on context switch
[    0.068116] Freeing SMP alternatives memory: 36K
[    0.069000] APIC calibration not consistent with PM-Timer: 135ms instead of 100ms
[    0.069000] APIC delta adjusted to PM-Timer: 6250013 (8442007)
[    0.069110] smpboot: CPU0: Intel(R) Core(TM) i7-7820HQ CPU @ 2.90GHz (family: 0x6, model: 0x9e, stepping: 0x9)
[    0.069710] Performance Events: unsupported p6 CPU model 158 no PMU driver, software events only.
[    0.070048] Hierarchical SRCU implementation.
[    0.070502] smp: Bringing up secondary CPUs ...
[    0.071029] x86: Booting SMP configuration:
[    0.071471] .... node  #0, CPUs:      #1
[    0.001000] mce: CPU supports 0 MCE banks
[    0.073006] smp: Brought up 1 node, 2 CPUs
[    0.073971] smpboot: Max logical packages: 1
[    0.074304] smpboot: Total of 2 processors activated (11615.04 BogoMIPS)
[    0.075005] devtmpfs: initialized
[    0.075408] clocksource: jiffies: mask: 0xffffffff max_cycles: 0xffffffff, max_idle_ns: 1911260446275000 ns
[    0.076042] futex hash table entries: 512 (order: 3, 32768 bytes)
[    0.076033] kworker/u4:0 (21) used greatest stack depth: 14696 bytes left
[    0.076611] RTC time: 20:39:27, date: 04/16/18
[    0.078031] NET: Registered protocol family 16
[    0.078394] audit: initializing netlink subsys (disabled)
[    0.079379] audit: type=2000 audit(1523911167.078:1): state=initialized audit_enabled=0 res=1
[    0.079491] cpuidle: using governor menu
[    0.087129] ACPI: bus type PCI registered
[    0.088109] PCI: Using configuration type 1 for base access
[    0.089228] kworker/u4:0 (61) used greatest stack depth: 14248 bytes left
[    0.099093] HugeTLB registered 2.00 MiB page size, pre-allocated 0 pages
[    0.099528] ACPI: Added _OSI(Module Device)
[    0.100009] ACPI: Added _OSI(Processor Device)
[    0.100341] ACPI: Added _OSI(3.0 _SCP Extensions)
[    0.100647] ACPI: Added _OSI(Processor Aggregator Device)
[    0.101017] ACPI: Added _OSI(Linux-Dell-Video)
[    0.103007] ACPI: 2 ACPI AML tables successfully acquired and loaded
[    0.105135] ACPI: Interpreter enabled
[    0.105327] ACPI: (supports S0 S5)
[    0.106007] ACPI: Using IOAPIC for interrupt routing
[    0.106500] PCI: Using host bridge windows from ACPI; if necessary, use "pci=nocrs" and report a bug
[    0.107113] ACPI: Enabled 2 GPEs in block 00 to 07
[    0.112455] ACPI: PCI Root Bridge [PCI0] (domain 0000 [bus 00-ff])
[    0.112905] acpi PNP0A03:00: _OSC: OS supports [ASPM ClockPM Segments MSI]
[    0.113023] acpi PNP0A03:00: _OSC: not requesting OS control; OS requires [ExtendedConfig ASPM ClockPM MSI]
[    0.114032] acpi PNP0A03:00: fail to add MMCONFIG information, can't access extended PCI configuration space under this bridge.
[    0.115137] PCI host bridge to bus 0000:00
[    0.115465] pci_bus 0000:00: root bus resource [io  0x0000-0x0cf7 window]
[    0.115750] pci_bus 0000:00: root bus resource [io  0x0d00-0xffff window]
[    0.116005] pci_bus 0000:00: root bus resource [mem 0x000a0000-0x000bffff window]
[    0.116427] pci_bus 0000:00: root bus resource [mem 0xe0000000-0xfdffffff window]
[    0.117005] pci_bus 0000:00: root bus resource [bus 00-ff]
[    0.117386] pci 0000:00:00.0: [8086:1237] type 00 class 0x060000
[    0.118301] pci 0000:00:01.0: [8086:7000] type 00 class 0x060100
[    0.119468] pci 0000:00:01.1: [8086:7111] type 00 class 0x01018a
[    0.120250] pci 0000:00:01.1: reg 0x20: [io  0xd000-0xd00f]
[    0.120475] pci 0000:00:01.1: legacy IDE quirk: reg 0x10: [io  0x01f0-0x01f7]
[    0.120901] pci 0000:00:01.1: legacy IDE quirk: reg 0x14: [io  0x03f6]
[    0.121006] pci 0000:00:01.1: legacy IDE quirk: reg 0x18: [io  0x0170-0x0177]
[    0.121389] pci 0000:00:01.1: legacy IDE quirk: reg 0x1c: [io  0x0376]
[    0.122290] pci 0000:00:02.0: [80ee:beef] type 00 class 0x030000
[    0.139677] pci 0000:00:02.0: reg 0x10: [mem 0xe0000000-0xe7ffffff pref]
[    0.158014] pci 0000:00:03.0: [8086:100e] type 00 class 0x020000
[    0.160215] pci 0000:00:03.0: reg 0x10: [mem 0xf0000000-0xf001ffff]
[    0.166271] pci 0000:00:03.0: reg 0x18: [io  0xd010-0xd017]
[    0.176610] pci 0000:00:04.0: [80ee:cafe] type 00 class 0x088000
[    0.178383] pci 0000:00:04.0: reg 0x10: [io  0xd020-0xd03f]
[    0.180001] pci 0000:00:04.0: reg 0x14: [mem 0xf0400000-0xf07fffff]
[    0.182072] pci 0000:00:04.0: reg 0x18: [mem 0xf0800000-0xf0803fff pref]
[    0.189527] pci 0000:00:05.0: [8086:2415] type 00 class 0x040100
[    0.189760] pci 0000:00:05.0: reg 0x10: [io  0xd100-0xd1ff]
[    0.189880] pci 0000:00:05.0: reg 0x14: [io  0xd200-0xd23f]
[    0.190929] pci 0000:00:06.0: [106b:003f] type 00 class 0x0c0310
[    0.193311] pci 0000:00:06.0: reg 0x10: [mem 0xf0804000-0xf0804fff]
[    0.205668] pci 0000:00:07.0: [8086:7113] type 00 class 0x068000
[    0.206240] pci 0000:00:07.0: quirk: [io  0x4000-0x403f] claimed by PIIX4 ACPI
[    0.206740] pci 0000:00:07.0: quirk: [io  0x4100-0x410f] claimed by PIIX4 SMB
[    0.207389] pci 0000:00:0d.0: [8086:2829] type 00 class 0x010601
[    0.209327] pci 0000:00:0d.0: reg 0x10: [io  0xd240-0xd247]
[    0.211587] pci 0000:00:0d.0: reg 0x14: [io  0xd248-0xd24b]
[    0.228040] pci 0000:00:0d.0: reg 0x18: [io  0xd250-0xd257]
[    0.231397] pci 0000:00:0d.0: reg 0x1c: [io  0xd258-0xd25b]
[    0.234025] pci 0000:00:0d.0: reg 0x20: [io  0xd260-0xd26f]
[    0.237023] pci 0000:00:0d.0: reg 0x24: [mem 0xf0806000-0xf0807fff]
[    0.241725] ACPI: PCI Interrupt Link [LNKA] (IRQs 5 9 10 *11)
[    0.242507] ACPI: PCI Interrupt Link [LNKB] (IRQs 5 9 *10 11)
[    0.243205] ACPI: PCI Interrupt Link [LNKC] (IRQs 5 *9 10 11)
[    0.244136] ACPI: PCI Interrupt Link [LNKD] (IRQs 5 9 10 *11)
[    0.246089] pci 0000:00:02.0: vgaarb: setting as boot VGA device
[    0.246089] pci 0000:00:02.0: vgaarb: VGA device added: decodes=io+mem,owns=io+mem,locks=none
[    0.266069] pci 0000:00:02.0: vgaarb: bridge control possible
[    0.266407] vgaarb: loaded
[    0.266407] SCSI subsystem initialized
[    0.267104] libata version 3.00 loaded.
[    0.267104] ACPI: bus type USB registered
[    0.268065] usbcore: registered new interface driver usbfs
[    0.268450] usbcore: registered new interface driver hub
[    0.268450] usbcore: registered new device driver usb
[    0.269018] pps_core: LinuxPPS API ver. 1 registered
[    0.269100] pps_core: Software ver. 5.3.6 - Copyright 2005-2007 Rodolfo Giometti <giometti@linux.it>
[    0.270068] PTP clock support registered
[    0.271283] EDAC MC: Ver: 3.0.0
[    0.272079] Advanced Linux Sound Architecture Driver Initialized.
[    0.272079] PCI: Using ACPI for IRQ routing
[    0.272648] PCI: pci_cache_line_size set to 64 bytes
[    0.273076] e820: reserve RAM buffer [mem 0x0009fc00-0x0009ffff]
[    0.273082] e820: reserve RAM buffer [mem 0xdfff0000-0xdfffffff]
[    0.274051] NetLabel: Initializing
[    0.274051] NetLabel:  domain hash size = 128
[    0.274051] NetLabel:  protocols = UNLABELED CIPSOv4 CALIPSO
[    0.275091] NetLabel:  unlabeled traffic allowed by default
[    0.276107] clocksource: Switched to clocksource tsc-early
[    0.325714] VFS: Disk quotas dquot_6.6.0
[    0.326056] VFS: Dquot-cache hash table entries: 512 (order 0, 4096 bytes)
[    0.326481] pnp: PnP ACPI init
[    0.326866] pnp 00:00: Plug and Play ACPI device, IDs PNP0303 (active)
[    0.326945] pnp 00:01: Plug and Play ACPI device, IDs PNP0f03 (active)
[    0.327754] pnp: PnP ACPI: found 2 devices
[    0.335025] clocksource: acpi_pm: mask: 0xffffff max_cycles: 0xffffff, max_idle_ns: 2085701024 ns
[    0.335426] pci_bus 0000:00: resource 4 [io  0x0000-0x0cf7 window]
[    0.335428] pci_bus 0000:00: resource 5 [io  0x0d00-0xffff window]
[    0.335430] pci_bus 0000:00: resource 6 [mem 0x000a0000-0x000bffff window]
[    0.335432] pci_bus 0000:00: resource 7 [mem 0xe0000000-0xfdffffff window]
[    0.335482] NET: Registered protocol family 2
[    0.335987] tcp_listen_portaddr_hash hash table entries: 2048 (order: 3, 32768 bytes)
[    0.336479] TCP established hash table entries: 32768 (order: 6, 262144 bytes)
[    0.336955] TCP bind hash table entries: 32768 (order: 7, 524288 bytes)
[    0.337331] TCP: Hash tables configured (established 32768 bind 32768)
[    0.337755] UDP hash table entries: 2048 (order: 4, 65536 bytes)
[    0.338101] UDP-Lite hash table entries: 2048 (order: 4, 65536 bytes)
[    0.338448] NET: Registered protocol family 1
[    0.339244] RPC: Registered named UNIX socket transport module.
[    0.340248] RPC: Registered udp transport module.
[    0.340604] RPC: Registered tcp transport module.
[    0.340926] RPC: Registered tcp NFSv4.1 backchannel transport module.
[    0.341608] pci 0000:00:00.0: Limiting direct PCI/PCI transfers
[    0.341998] pci 0000:00:01.0: Activating ISA DMA hang workarounds
[    0.342466] pci 0000:00:02.0: Video device with shadowed ROM at [mem 0x000c0000-0x000dffff]
[    0.384381] pci 0000:00:06.0: quirk_usb_early_handoff+0x0/0x670 took 40350 usecs
[    0.385302] PCI: CLS 0 bytes, default 64
[    0.385335] PCI-DMA: Using software bounce buffering for IO (SWIOTLB)
[    0.385599] software IO TLB [mem 0xdbff0000-0xdfff0000] (64MB) mapped at [0000000064bd0d3e-00000000a78c860a]
[    0.386426] RAPL PMU: API unit is 2^-32 Joules, 5 fixed counters, 10737418240 ms ovfl timer
[    0.386910] RAPL PMU: hw unit of domain pp0-core 2^-0 Joules
[    0.387253] RAPL PMU: hw unit of domain package 2^-0 Joules
[    0.387474] RAPL PMU: hw unit of domain dram 2^-0 Joules
[    0.387952] RAPL PMU: hw unit of domain pp1-gpu 2^-0 Joules
[    0.388391] RAPL PMU: hw unit of domain psys 2^-0 Joules
[    0.388911] platform rtc_cmos: registered platform RTC device (no PNP device found)
[    0.390260] Scanning for low memory corruption every 60 seconds
[    0.390929] Initialise system trusted keyrings
[    0.391552] workingset: timestamp_bits=56 max_order=20 bucket_order=0
[    0.394578] NFS: Registering the id_resolver key type
[    0.395130] Key type id_resolver registered
[    0.395434] Key type id_legacy registered
[    0.395935] SELinux:  Registering netfilter hooks
[    0.443397] Key type asymmetric registered
[    0.443766] Asymmetric key parser 'x509' registered
[    0.444191] Block layer SCSI generic (bsg) driver version 0.4 loaded (major 250)
[    0.444650] io scheduler noop registered
[    0.444942] io scheduler deadline registered
[    0.445395] io scheduler cfq registered (default)
[    0.445743] io scheduler mq-deadline registered
[    0.446050] io scheduler kyber registered
[    0.447092] ACPI: AC Adapter [AC] (off-line)
[    0.447639] input: Power Button as /devices/LNXSYSTM:00/LNXPWRBN:00/input/input0
[    0.448081] ACPI: Power Button [PWRF]
[    0.448483] input: Sleep Button as /devices/LNXSYSTM:00/LNXSLPBN:00/input/input1
[    0.448935] ACPI: Sleep Button [SLPF]
[    0.449340] ACPI: Video Device [GFX0] (multi-head: yes  rom: no  post: no)
[    0.449797] input: Video Bus as /devices/LNXSYSTM:00/LNXSYBUS:00/PNP0A03:00/LNXVIDEO:00/input/input2
[    0.451556] ACPI: Battery Slot [BAT0] (battery present)
[    0.452082] Serial: 8250/16550 driver, 4 ports, IRQ sharing enabled
[    0.453439] Non-volatile memory driver v1.3
[    0.453870] Linux agpgart interface v0.103
[    0.456906] loop: module loaded
[    0.457248] ahci 0000:00:0d.0: version 3.0
[    0.457745] ahci 0000:00:0d.0: SSS flag set, parallel bus scan disabled
[    0.458281] ahci 0000:00:0d.0: AHCI 0001.0100 32 slots 1 ports 3 Gbps 0x1 impl SATA mode
[    0.458815] ahci 0000:00:0d.0: flags: 64bit ncq stag only ccc 
[    0.497655] scsi host0: ahci
[    0.498025] ata1: SATA max UDMA/133 abar m8192@0xf0806000 port 0xf0806100 irq 21
[    0.498474] ata_piix 0000:00:01.1: version 2.13
[    0.499551] scsi host1: ata_piix
[    0.500175] scsi host2: ata_piix
[    0.500495] ata2: PATA max UDMA/33 cmd 0x1f0 ctl 0x3f6 bmdma 0xd000 irq 14
[    0.500864] ata3: PATA max UDMA/33 cmd 0x170 ctl 0x376 bmdma 0xd008 irq 15
[    0.501280] e100: Intel(R) PRO/100 Network Driver, 3.5.24-k2-NAPI
[    0.501654] e100: Copyright(c) 1999-2006 Intel Corporation
[    0.502009] e1000: Intel(R) PRO/1000 Network Driver - version 7.3.21-k8-NAPI
[    0.502400] e1000: Copyright (c) 1999-2006 Intel Corporation.
[    0.688944] ata3.00: ATAPI: VBOX CD-ROM, 1.0, max UDMA/133
[    0.689723] ata3.00: configured for UDMA/33
[    0.874676] ata1: SATA link up 3.0 Gbps (SStatus 123 SControl 300)
[    0.875269] ata1.00: ATA-6: VBOX HARDDISK, 1.0, max UDMA/133
[    0.875754] ata1.00: 41943040 sectors, multi 128: LBA48 NCQ (depth 31/32)
[    0.876315] ata1.00: configured for UDMA/133
[    0.876784] scsi 0:0:0:0: Direct-Access     ATA      VBOX HARDDISK    1.0  PQ: 0 ANSI: 5
[    0.877645] sd 0:0:0:0: [sda] 41943040 512-byte logical blocks: (21.5 GB/20.0 GiB)
[    0.878183] sd 0:0:0:0: [sda] Write Protect is off
[    0.878638] sd 0:0:0:0: [sda] Mode Sense: 00 3a 00 00
[    0.878666] sd 0:0:0:0: Attached scsi generic sg0 type 0
[    0.879109] sd 0:0:0:0: [sda] Write cache: enabled, read cache: enabled, doesn't support DPO or FUA
[    0.880055] scsi 2:0:0:0: CD-ROM            VBOX     CD-ROM           1.0  PQ: 0 ANSI: 5
[    0.886662]  sda: sda1 sda2 sda3
[    0.887346] sd 0:0:0:0: [sda] Attached SCSI disk
[    0.937137] sr 2:0:0:0: [sr0] scsi3-mmc drive: 32x/32x xa/form2 tray
[    0.937659] cdrom: Uniform CD-ROM driver Revision: 3.20
[    0.938241] sr 2:0:0:0: Attached scsi CD-ROM sr0
[    0.938615] sr 2:0:0:0: Attached scsi generic sg1 type 5
[    1.053277] e1000 0000:00:03.0 eth0: (PCI:33MHz:32-bit) 08:00:27:cb:cb:a3
[    1.053670] e1000 0000:00:03.0 eth0: Intel(R) PRO/1000 Network Connection
[    1.054059] e1000e: Intel(R) PRO/1000 Network Driver - 3.2.6-k
[    1.054478] e1000e: Copyright(c) 1999 - 2015 Intel Corporation.
[    1.054676] sky2: driver version 1.30
[    1.055163] ehci_hcd: USB 2.0 'Enhanced' Host Controller (EHCI) Driver
[    1.055478] ehci-pci: EHCI PCI platform driver
[    1.055680] ohci_hcd: USB 1.1 'Open' Host Controller (OHCI) Driver
[    1.056076] ohci-pci: OHCI PCI platform driver
[    1.056882] ohci-pci 0000:00:06.0: OHCI PCI host controller
[    1.057436] ohci-pci 0000:00:06.0: new USB bus registered, assigned bus number 1
[    1.057724] ohci-pci 0000:00:06.0: irq 22, io mem 0xf0804000
[    1.138743] usb usb1: New USB device found, idVendor=1d6b, idProduct=0001, bcdDevice= 4.17
[    1.139195] usb usb1: New USB device strings: Mfr=3, Product=2, SerialNumber=1
[    1.139485] usb usb1: Product: OHCI PCI host controller
[    1.140370] usb usb1: Manufacturer: Linux 4.17.0-rc1-next-20180416-dirty ohci_hcd
[    1.140673] usb usb1: SerialNumber: 0000:00:06.0
[    1.141191] hub 1-0:1.0: USB hub found
[    1.141504] hub 1-0:1.0: 12 ports detected
[    1.142148] uhci_hcd: USB Universal Host Controller Interface driver
[    1.142694] usbcore: registered new interface driver usblp
[    1.143738] usbcore: registered new interface driver usb-storage
[    1.144146] i8042: PNP: PS/2 Controller [PNP0303:PS2K,PNP0f03:PS2M] at 0x60,0x64 irq 1,12
[    1.184843] serio: i8042 KBD port at 0x60,0x64 irq 1
[    1.185177] serio: i8042 AUX port at 0x60,0x64 irq 12
[    1.186184] input: AT Translated Set 2 keyboard as /devices/platform/i8042/serio0/input/input3
[    1.187906] rtc_cmos rtc_cmos: registered as rtc0
[    1.188401] rtc_cmos rtc_cmos: alarms up to one day, 114 bytes nvram
[    1.189553] device-mapper: ioctl: 4.39.0-ioctl (2018-04-03) initialised: dm-devel@redhat.com
[    1.190351] hidraw: raw HID events driver (C) Jiri Kosina
[    1.190872] usbcore: registered new interface driver usbhid
[    1.191269] usbhid: USB HID core driver
[    1.192395] Initializing XFRM netlink socket
[    1.192628] NET: Registered protocol family 10
[    1.194045] Segment Routing with IPv6
[    1.194731] sit: IPv6, IPv4 and MPLS over IPv4 tunneling driver
[    1.195189] NET: Registered protocol family 17
[    1.195522] Key type dns_resolver registered
[    1.196277] sched_clock: Marking stable (1196087203, 0)->(1432004355, -235917152)
[    1.198733] registered taskstats version 1
[    1.199044] Loading compiled-in X.509 certificates
[    1.199579]   Magic number: 14:444:700
[    1.199920] console [netcon0] enabled
[    1.200208] netconsole: network logging started
[    1.200543] cfg80211: Loading compiled-in X.509 certificates for regulatory database
[    1.201976] cfg80211: Loaded X.509 cert 'sforshee: 00b28ddf47aef9cea7'
[    1.202330] ALSA device list:
[    1.202682]   No soundcards found.
[    1.203041] platform regulatory.0: Direct firmware load for regulatory.db failed with error -2
[    1.243481] cfg80211: failed to load regulatory.db
[    1.406500] tsc: Refined TSC clocksource calibration: 2903.999 MHz
[    1.406866] clocksource: tsc: mask: 0xffffffffffffffff max_cycles: 0x29dc050a48e, max_idle_ns: 440795325698 ns
[    1.407229] clocksource: Switched to clocksource tsc
[    1.415173] input: ImExPS/2 Generic Explorer Mouse as /devices/platform/i8042/serio1/input/input5
[    1.416205] md: Waiting for all devices to be available before autodetect
[    1.416754] md: If you don't use raid, use raid=noautodetect
[    1.418133] md: Autodetecting RAID arrays.
[    1.418634] md: autorun ...
[    1.419003] md: ... autorun DONE.
[    1.461986] EXT4-fs (sda2): INFO: recovery required on readonly filesystem
[    1.462611] EXT4-fs (sda2): write access will be enabled during recovery
[    1.521407] EXT4-fs (sda2): recovery complete
[    1.542131] EXT4-fs (sda2): mounted filesystem with ordered data mode. Opts: (null)
[    1.579401] VFS: Mounted root (ext4 filesystem) readonly on device 8:2.
[    1.582407] devtmpfs: mounted
[    1.583634] Freeing unused kernel memory: 1232K
[    1.583982] Write protecting the kernel read-only data: 18432k
[    1.585245] Freeing unused kernel memory: 2004K
[    1.587147] Freeing unused kernel memory: 1000K
[    1.588144] usb 1-1: new full-speed USB device number 2 using ohci-pci
[    1.711483] systemd[1]: RTC configured in localtime, applying delta of 0 minutes to system time.
[    1.725367] systemd[1]: systemd 237 running in system mode. (-PAM -AUDIT -SELINUX +IMA -APPARMOR +SMACK +SYSVINIT +UTMP -LIBCRYPTSETUP -GCRYPT -GNUTLS +ACL +XZ -LZ4 -SECCOMP +BLKID -ELFUTILS +KMOD -IDN2 -IDN -PCRE2 default-hierarchy=hybrid)
[    1.726759] systemd[1]: Detected virtualization oracle.
[    1.727131] systemd[1]: Detected architecture x86-64.
[    1.731102] systemd[1]: Set hostname to <rabougue>.
[    1.835659] systemd-sysv-ge (1037) used greatest stack depth: 14048 bytes left
[    1.836221] systemd-hiberna (1034) used greatest stack depth: 14024 bytes left
[    1.838392] systemd-fstab-g (1031) used greatest stack depth: 13768 bytes left
[    1.896928] systemd[1]: File /lib/systemd/system/systemd-journald.service:35 configures an IP firewall (IPAddressDeny=any), but the local system does not support BPF/cgroup based firewalling.
[    1.897755] systemd[1]: Proceeding WITHOUT firewalling in effect! (This warning is only shown for the first loaded unit using IP firewalling.)
[    1.968662] usb 1-1: New USB device found, idVendor=80ee, idProduct=0021, bcdDevice= 1.00
[    1.969359] usb 1-1: New USB device strings: Mfr=1, Product=3, SerialNumber=0
[    1.969832] usb 1-1: Product: USB Tablet
[    1.970148] usb 1-1: Manufacturer: VirtualBox
[    1.982377] input: VirtualBox USB Tablet as /devices/pci0000:00/0000:00:06.0/usb1/1-1/1-1:1.0/0003:80EE:0021.0001/input/input6
[    1.983662] hid-generic 0003:80EE:0021.0001: input,hidraw0: USB HID v1.10 Mouse [VirtualBox USB Tablet] on usb-0000:00:06.0-1/input0
[    2.061067] systemd[1]: Reached target Remote File Systems.
[    2.063353] systemd[1]: Created slice System Slice.
[    2.066514] systemd[1]: Listening on udev Kernel Socket.
[    2.069116] systemd[1]: Listening on Journal Socket.
[    2.186213] systemd-fsck (1048) used greatest stack depth: 13528 bytes left
[    2.413057] EXT4-fs (sda2): re-mounted. Opts: (null)
[    2.482408] random: crng init done
[    2.541262] systemd-journald[1271]: Received request to flush runtime journal from PID 1
[    2.587996] systemd-journald[1271]: File /var/log/journal/0344c2acd50948b1a8ce9a2febd2318a/system.journal corrupted or uncleanly shut down, renaming and replacing.
[    2.864258] e1000 0000:00:03.0 enp0s3: renamed from eth0
[    2.934003] IPv6: ADDRCONF(NETDEV_UP): enp0s3: link is not ready
[    2.987707] journal-offline (1559) used greatest stack depth: 13504 bytes left
[    3.238100] Adding 4090876k swap on /dev/sda3.  Priority:1 extents:1 across:4090876k 
[    3.248550] EXT4-fs (sda1): mounted filesystem with ordered data mode. Opts: (null)
[    4.960715] e1000: enp0s3 NIC Link is Up 1000 Mbps Full Duplex, Flow Control: RX
[    4.961496] IPv6: ADDRCONF(NETDEV_CHANGE): enp0s3: link becomes ready
[   25.629135] git (1685) used greatest stack depth: 13424 bytes left
